// Jest Snapshot v1, https://goo.gl/fbAQLP

exports[`Tests editor navbar Create navbar component snapshot 1`] = `
<div
  className="vcv-layout-bar-header vcv-layout-bar-header--loading"
  id="vcv-editor-header"
>
  <div
    id="vc-navbar-container"
  >
    
    <div
      className="vcv-ui-navbar-container vcv-ui-navbar-is-detached"
    >
      <nav
        className="vcv-ui-navbar vcv-ui-navbar-hide-labels"
      >
        <a
          className="vcv-ui-navbar-logo"
          href="undefined"
          rel="noopener noreferrer"
          target="_blank"
          title="Visual Composer Website Builder"
        >
          <span
            className="vcv-ui-navbar-logo-title"
          >
            Visual Composer Website Builder
          </span>
        </a>
        <span
          className="vcv-ui-navbar-control"
          data-vcv-guide-helper="plus-control"
          onClick={[Function]}
          title="undefined (Shift + A)"
        >
          <span
            className="vcv-ui-navbar-control-content"
          >
            <i
              className="vcv-ui-navbar-control-icon vcv-ui-icon vcv-ui-icon-add"
            />
            <span />
          </span>
        </span>
        <span
          className="vcv-ui-navbar-control"
          onClick={[Function]}
          title="undefined (Shift + T)"
        >
          <span
            className="vcv-ui-navbar-control-content"
          >
            <i
              className="vcv-ui-navbar-control-icon vcv-ui-icon vcv-ui-icon-layers"
            />
            <span />
          </span>
        </span>
        <dl
          className="vcv-ui-navbar-dropdown vcv-ui-navbar-controls-group vcv-ui-navbar-sandwich--stop-close"
          onMouseLeave={[Function]}
        >
          <dt
            className="vcv-ui-navbar-control vcv-ui-navbar-dropdown-trigger"
            disabled={true}
            onClick={[Function]}
            onMouseEnter={[Function]}
            title="undefined (Ctrl + Z)"
          >
            <span
              className="vcv-ui-navbar-control-content"
            >
              <i
                className="vcv-ui-navbar-control-icon vcv-ui-icon vcv-ui-icon-undo"
              />
              <span />
            </span>
          </dt>
          <dd
            className="vcv-ui-navbar-dropdown-content vcv-ui-navbar-dropdown-content--sm"
          >
            <span
              className="vcv-ui-navbar-control"
              disabled={true}
              onClick={[Function]}
              title="undefined (Ctrl + Shift + Z)"
            >
              <span
                className="vcv-ui-navbar-control-content"
              >
                <i
                  className="vcv-ui-navbar-control-icon vcv-ui-icon vcv-ui-icon-redo"
                />
                <span />
              </span>
            </span>
          </dd>
        </dl>
        <dl
          className="vcv-ui-navbar-dropdown vcv-ui-navbar-dropdown--layout vcv-ui-navbar-dropdown-linear vcv-ui-pull-end"
          data-vcv-guide-helper="layout-control"
          onMouseEnter={[Function]}
          onMouseLeave={[Function]}
          tabIndex="0"
        >
          <dt
            className="vcv-ui-navbar-dropdown-trigger vcv-ui-navbar-control"
            onMouseEnter={[Function]}
          >
            <span
              className="vcv-ui-navbar-control-content"
            >
              <i
                className="vcv-ui-navbar-control-icon vcv-ui-icon vcv-ui-icon-desktop"
              />
              <span />
            </span>
          </dt>
          <dd
            className="vcv-ui-navbar-dropdown-content vcv-ui-navbar-dropdown-content--layout"
          >
            <span
              className="vcv-ui-navbar-control"
              onClick={[Function]}
            >
              <span
                className="vcv-ui-navbar-control-content"
              >
                <i
                  className="vcv-ui-navbar-control-icon vcv-ui-icon vcv-ui-icon-desktop"
                />
                <span>
                  <em>
                    (Width: 1200 px)
                  </em>
                </span>
              </span>
            </span>
            <span
              className="vcv-ui-navbar-control"
              onClick={[Function]}
            >
              <span
                className="vcv-ui-navbar-control-content"
              >
                <i
                  className="vcv-ui-navbar-control-icon vcv-ui-icon vcv-ui-icon-tablet-landscape"
                />
                <span>
                  <em>
                    (Width: 1080 px)
                  </em>
                </span>
              </span>
            </span>
            <span
              className="vcv-ui-navbar-control"
              onClick={[Function]}
            >
              <span
                className="vcv-ui-navbar-control-content"
              >
                <i
                  className="vcv-ui-navbar-control-icon vcv-ui-icon vcv-ui-icon-tablet-portrait"
                />
                <span>
                  <em>
                    (Width: 780 px)
                  </em>
                </span>
              </span>
            </span>
            <span
              className="vcv-ui-navbar-control"
              onClick={[Function]}
            >
              <span
                className="vcv-ui-navbar-control-content"
              >
                <i
                  className="vcv-ui-navbar-control-icon vcv-ui-icon vcv-ui-icon-mobile-landscape"
                />
                <span>
                  <em>
                    (Width: 560 px)
                  </em>
                </span>
              </span>
            </span>
            <span
              className="vcv-ui-navbar-control"
              onClick={[Function]}
            >
              <span
                className="vcv-ui-navbar-control-content"
              >
                <i
                  className="vcv-ui-navbar-control-icon vcv-ui-icon vcv-ui-icon-mobile-portrait"
                />
                <span>
                  <em>
                    (Width: 320 px)
                  </em>
                </span>
              </span>
            </span>
            <span
              className="vcv-ui-navbar-control"
              onClick={[Function]}
            >
              <span
                className="vcv-ui-navbar-control-content"
              >
                <i
                  className="vcv-ui-navbar-control-icon vcv-ui-icon vcv-ui-icon-multiple-devices"
                />
                <span>
                  <div
                    className="vcv-tooltip-container"
                  >
                    <i
                      className="vcv-tooltip-button vcv-ui-icon vcv-ui-icon-question vcv-ui-icon--light-hover"
                      onClick={[Function]}
                      onMouseEnter={[Function]}
                      onMouseLeave={[Function]}
                    />
                  </div>
                </span>
              </span>
            </span>
          </dd>
        </dl>
        <span
          className="vcv-ui-navbar-control vcv-ui-pull-end"
          data-vcv-guide-helper="hub-control"
          onClick={[Function]}
        >
          <span
            className="vcv-ui-navbar-control-content"
          >
            <i
              className="vcv-ui-navbar-control-icon vcv-ui-icon vcv-ui-icon-hub-shop"
            />
            <span />
          </span>
        </span>
        <dl
          className="vcv-ui-navbar-dropdown vcv-ui-navbar-settings vcv-ui-pull-end"
          onMouseLeave={[Function]}
        >
          <dt
            className="vcv-ui-navbar-control vcv-ui-pull-end vcv-ui-navbar-dropdown-trigger"
            data-vcv-control="settings"
            data-vcv-guide-helper="settings-control"
            onClick={[Function]}
            onMouseEnter={[Function]}
            title="undefined (Shift + S)"
          >
            <span
              className="vcv-ui-navbar-control-content"
            >
              <i
                className="vcv-ui-navbar-control-icon vcv-ui-icon vcv-ui-icon-cog"
              />
              <span />
            </span>
          </dt>
          <dd
            className="vcv-ui-navbar-dropdown-content vcv-ui-navbar-show-labels"
          >
            <span
              className="vcv-ui-navbar-control"
              onClick={[Function]}
            >
              <span
                className="vcv-ui-navbar-control-content"
              >
                <span />
              </span>
            </span>
            <span
              className="vcv-ui-navbar-control"
              onClick={[Function]}
            >
              <span
                className="vcv-ui-navbar-control-content"
              >
                <span />
              </span>
            </span>
            <span
              className="vcv-ui-navbar-control"
              onClick={[Function]}
            >
              <span
                className="vcv-ui-navbar-control-content"
              >
                <span />
              </span>
            </span>
            <span
              className="vcv-ui-navbar-control"
              onClick={[Function]}
            >
              <span
                className="vcv-ui-navbar-control-content"
              >
                <span />
              </span>
            </span>
            <span
              className="vcv-ui-navbar-control"
              onClick={[Function]}
            >
              <span
                className="vcv-ui-navbar-control-content"
              >
                <span />
              </span>
            </span>
            <span
              className="vcv-ui-navbar-control"
              onClick={[Function]}
            >
              <span
                className="vcv-ui-navbar-control-content"
              >
                <span />
              </span>
            </span>
            
            <div
              className="vcv-ui-navbar-controls-set"
            >
              <span
                className="vcv-ui-navbar-control"
                data-backend-editor="backendEditor"
                data-vcv-controls="backToWP"
                onClick={[Function]}
              >
                <span
                  className="vcv-ui-navbar-control-content"
                />
              </span>
            </div>
          </dd>
        </dl>
        <span
          className="vcv-ui-navbar-control-separator vcv-ui-pull-end"
        />
        <dl
          className="vcv-ui-navbar-dropdown vcv-ui-navbar-save vcv-ui-pull-end"
          data-vcv-guide-helper="save-control"
          onMouseLeave={[Function]}
        >
          <dt
            className="vcv-ui-navbar-control vcv-ui-navbar-dropdown-trigger"
            data-vcv-control="publish"
            onClick={[Function]}
            onMouseEnter={[Function]}
          >
            <span
              className="vcv-ui-navbar-control-content"
            >
              <i
                className="vcv-ui-navbar-control-icon vcv-ui-icon vcv-ui-icon-save"
              />
              <span />
            </span>
          </dt>
          <dd
            className="vcv-ui-navbar-dropdown-content vcv-ui-navbar-show-labels vcv-ui-navbar-dropdown-content--save"
          >
            <div
              className="vcv-ui-navbar-controls-set"
            >
              <span
                className="vcv-ui-navbar-control"
                data-vcv-control="preview"
                onClick={[Function]}
                title="undefined (Ctrl + Shift + P)"
              >
                <span
                  className="vcv-ui-navbar-control-content"
                />
              </span>
              
            </div>
            <span
              className="vcv-ui-navbar-control"
              data-vcv-control="saveDraft"
              onClick={[Function]}
            >
              <span
                className="vcv-ui-navbar-control-content"
              />
            </span>
            <span
              className="vcv-ui-navbar-control"
              data-vcv-control="publish"
              onClick={[Function]}
              title="undefined (Ctrl + S)"
            >
              <span
                className="vcv-ui-navbar-control-content"
              />
            </span>
          </dd>
        </dl>
        <div
          className="vcv-ui-navbar-drag-handler vcv-ui-navbar-controls-spacer"
          onMouseDown={[Function]}
        />
      </nav>
    </div>
  </div>
</div>
`;
